MO CNT NULL ../CNT.v vlg65/_c_n_t.bin 1728707310
MO CS NULL ../CS.v vlg22/_c_s.bin 1728707310
MO FSB NULL ../FSB.v vlg37/_f_s_b.bin 1728707310
MO IOBM NULL ../IOBM.v vlg73/_i_o_b_m.bin 1728707310
MO WarpSE NULL ../WarpSE.v vlg52/_warp_s_e.bin 1728707310
MO IOBS NULL ../IOBS.v vlg79/_i_o_b_s.bin 1728707310
MO RAM NULL ../RAM.v vlg14/_r_a_m.bin 1728707310
MO SET NULL ../SET.v vlg48/_s_e_t.bin 1728707310
