MO CNT NULL ../CNT.v vlg65/_c_n_t.bin 1635074003
MO CS NULL ../CS.v vlg22/_c_s.bin 1635074003
MO FSB NULL ../FSB.v vlg37/_f_s_b.bin 1635074003
MO IOBM NULL ../IOBM.v vlg73/_i_o_b_m.bin 1635074003
MO IOBS NULL ../IOBS.v vlg79/_i_o_b_s.bin 1635074003
MO RAM NULL ../RAM.v vlg14/_r_a_m.bin 1635074003
MO MXSE NULL ../MXSE.v vlg15/_m_x_s_e.bin 1635074003
